2026-06-08 03:59:04,166 - __main__ - INFO - Python version: 3.10.20 (main, Mar  3 2026, 15:36:40) [GCC 13.3.0]
2026-06-08 03:59:04,167 - __main__ - INFO - Starting FIXED comprehensive workflow with 4 workers
2026-06-08 03:59:04,167 - __main__ - INFO - This version uses ORIGINAL LTA data with proper code normalization
2026-06-08 03:59:04,167 - __main__ - INFO - STARTING ENHANCED BUS STOP DATA COLLECTION WORKFLOW
2026-06-08 03:59:04,167 - __main__ - INFO - ================================================================================
2026-06-08 03:59:04,167 - __main__ - INFO - STEP 1: Downloading original LTA DataMall data...
2026-06-08 03:59:04,167 - __main__ - INFO - Starting download from LTA DataMall...
2026-06-08 03:59:05,236 - __main__ - INFO - API request (skip=0) completed in 1.07 seconds
2026-06-08 03:59:05,238 - __main__ - INFO - Retrieved 500 records (total: 500)
2026-06-08 03:59:07,390 - __main__ - INFO - API request (skip=500) completed in 0.99 seconds
2026-06-08 03:59:07,391 - __main__ - INFO - Retrieved 500 records (total: 1000)
2026-06-08 03:59:09,565 - __main__ - INFO - API request (skip=1000) completed in 1.00 seconds
2026-06-08 03:59:09,566 - __main__ - INFO - Retrieved 500 records (total: 1500)
2026-06-08 03:59:11,770 - __main__ - INFO - API request (skip=1500) completed in 1.02 seconds
2026-06-08 03:59:11,771 - __main__ - INFO - Retrieved 500 records (total: 2000)
2026-06-08 03:59:13,958 - __main__ - INFO - API request (skip=2000) completed in 0.99 seconds
2026-06-08 03:59:13,960 - __main__ - INFO - Retrieved 500 records (total: 2500)
2026-06-08 03:59:16,138 - __main__ - INFO - API request (skip=2500) completed in 0.97 seconds
2026-06-08 03:59:16,139 - __main__ - INFO - Retrieved 500 records (total: 3000)
2026-06-08 03:59:18,367 - __main__ - INFO - API request (skip=3000) completed in 1.01 seconds
2026-06-08 03:59:18,368 - __main__ - INFO - Retrieved 500 records (total: 3500)
2026-06-08 03:59:20,578 - __main__ - INFO - API request (skip=3500) completed in 0.97 seconds
2026-06-08 03:59:20,580 - __main__ - INFO - Retrieved 500 records (total: 4000)
2026-06-08 03:59:22,798 - __main__ - INFO - API request (skip=4000) completed in 0.96 seconds
2026-06-08 03:59:22,799 - __main__ - INFO - Retrieved 500 records (total: 4500)
2026-06-08 03:59:25,050 - __main__ - INFO - API request (skip=4500) completed in 1.00 seconds
2026-06-08 03:59:25,052 - __main__ - INFO - Retrieved 500 records (total: 5000)
2026-06-08 03:59:27,100 - __main__ - INFO - API request (skip=5000) completed in 0.78 seconds
2026-06-08 03:59:27,101 - __main__ - INFO - Retrieved 201 records (total: 5201)
2026-06-08 03:59:28,828 - __main__ - INFO - API request (skip=5500) completed in 0.62 seconds
2026-06-08 03:59:28,828 - __main__ - INFO - No more records to fetch from API
2026-06-08 03:59:28,842 - __main__ - INFO - Saved 5201 ORIGINAL records to data/LTA_bus_stops_08062026.csv
2026-06-08 03:59:28,843 - __main__ - INFO - LTA DataMall download completed in 24.68 seconds
2026-06-08 03:59:28,843 - __main__ - INFO - Downloaded 5,201 bus stops from LTA DataMall
2026-06-08 03:59:28,844 - __main__ - INFO - STEP 2: Performing comprehensive data comparison...
2026-06-08 03:59:28,845 - __main__ - INFO - Found previous LTA DataMall file: data/LTA_bus_stops_31122025.csv
2026-06-08 03:59:28,845 - __main__ - INFO - Performing FIXED comprehensive comparison with previous data from data/LTA_bus_stops_31122025.csv
2026-06-08 03:59:28,850 - __main__ - INFO - === DEBUGGING CODE FORMATS ===
2026-06-08 03:59:28,851 - __main__ - INFO - Old file sample codes (raw): [1012, 1013, 1019, 1029, 1039]
2026-06-08 03:59:28,851 - __main__ - INFO - New data sample codes (raw): ['01012', '01013', '01019', '01029', '01039']
2026-06-08 03:59:28,862 - __main__ - INFO - Old file sample codes (normalized): ['01012', '01013', '01019', '01029', '01039']
2026-06-08 03:59:28,862 - __main__ - INFO - New data sample codes (normalized): ['01012', '01013', '01019', '01029', '01039']
2026-06-08 03:59:28,869 - __main__ - INFO - ==========================================================================================
2026-06-08 03:59:28,869 - __main__ - INFO - COMPREHENSIVE BUS STOP COMPARISON REPORT (FIXED)
2026-06-08 03:59:28,869 - __main__ - INFO - ==========================================================================================
2026-06-08 03:59:28,869 - __main__ - INFO - Previous dataset (31122025): 5,194 bus stops
2026-06-08 03:59:28,869 - __main__ - INFO - Current dataset  (08062026): 5,201 bus stops
2026-06-08 03:59:28,869 - __main__ - INFO - Net change in quantity: +7
2026-06-08 03:59:28,869 - __main__ - INFO - ------------------------------------------------------------------------------------------
2026-06-08 03:59:28,869 - __main__ - INFO - CODE CHANGES (after normalization):
2026-06-08 03:59:28,869 - __main__ - INFO -    NEW bus stop codes:     9
2026-06-08 03:59:28,869 - __main__ - INFO -    REMOVED bus stop codes: 2
2026-06-08 03:59:28,870 - __main__ - INFO -    UNCHANGED codes:        5,192
2026-06-08 03:59:28,870 - __main__ - INFO - NAME CHANGES (for same codes):
2026-06-08 03:59:28,870 - __main__ - INFO -    Bus stops with name changes: 39
2026-06-08 03:59:28,870 - __main__ - INFO -    Bus stops with same names:   5,153
2026-06-08 03:59:28,870 - __main__ - INFO - ------------------------------------------------------------------------------------------
2026-06-08 03:59:28,870 - __main__ - INFO - TOTAL CHANGES DETECTED: 50
2026-06-08 03:59:28,870 - __main__ - INFO -    = 9 new + 2 removed + 39 name changes
2026-06-08 03:59:28,870 - __main__ - INFO - ------------------------------------------------------------------------------------------
2026-06-08 03:59:28,872 - __main__ - INFO - Sample new codes: 40471(40471), 67708(67708), 40461(40461)
2026-06-08 03:59:28,872 - __main__ - INFO -    ... and 6 more new codes
2026-06-08 03:59:28,874 - __main__ - INFO - Sample removed codes: 58309(58309), 58301(58301)
2026-06-08 03:59:28,874 - __main__ - INFO - Sample name changes:
2026-06-08 03:59:28,876 - __main__ - INFO -      73049: 'Air Force Sch' -> 'Air Force Trg Cmd'
2026-06-08 03:59:28,876 - __main__ - INFO -      05131: 'Opp Hong Lim Cplx' -> 'Opp Chinatown Stn'
2026-06-08 03:59:28,876 - __main__ - INFO -      45199: 'Mandai Police Trg Camp' -> 'Home Team Tactical Ctr'
2026-06-08 03:59:28,876 - __main__ - INFO -    ... and 36 more name changes
2026-06-08 03:59:28,876 - __main__ - INFO - ==========================================================================================
2026-06-08 03:59:28,876 - __main__ - INFO - 50 CHANGES DETECTED - Will proceed with SimplyGo scraping
2026-06-08 03:59:28,877 - __main__ - INFO -    Will scrape SimplyGo for all changed bus stops to get corrected names
2026-06-08 03:59:28,877 - __main__ - INFO - ==========================================================================================
2026-06-08 03:59:28,878 - __main__ - INFO - Added 9 new bus stops to processing list
2026-06-08 03:59:28,879 - __main__ - INFO - Added 2 removed bus stops to processing list (for reference)
2026-06-08 03:59:28,883 - __main__ - INFO - Added 39 name-changed bus stops to processing list
2026-06-08 03:59:28,885 - __main__ - INFO - Total changes to process: 50
2026-06-08 03:59:28,886 - __main__ - INFO -    - Will scrape SimplyGo for: 48 bus stops
2026-06-08 03:59:28,886 - __main__ - INFO -    - Removed bus stops (reference only): 2
2026-06-08 03:59:28,887 - __main__ - INFO - Saved 50 changes to data/LTA_changes_31122025-08062026.csv
2026-06-08 03:59:28,887 - __main__ - INFO - Comprehensive LTA data comparison (FIXED) completed in 0.04 seconds
2026-06-08 03:59:28,887 - __main__ - INFO - STEP 3: Determining bus stops for SimplyGo scraping...
2026-06-08 03:59:28,888 - __main__ - INFO - Bus stops to scrape from SimplyGo: 48
2026-06-08 03:59:28,889 - __main__ - INFO -    Breakdown:
2026-06-08 03:59:28,889 - __main__ - INFO -       NEW bus stops: 9
2026-06-08 03:59:28,889 - __main__ - INFO -       NAME changed: 39
2026-06-08 03:59:28,889 - __main__ - INFO -       REMOVED (skip): 2
2026-06-08 03:59:28,889 - __main__ - INFO - ======================================================================
2026-06-08 03:59:28,889 - __main__ - INFO - CHANGES DETECTED: 50 total changes
2026-06-08 03:59:28,889 - __main__ - INFO - WILL SCRAPE: 48 bus stops from SimplyGo
2026-06-08 03:59:28,889 - __main__ - INFO - ======================================================================
2026-06-08 03:59:28,889 - __main__ - INFO - Sample codes to scrape: 40461, 40469, 40471, 40479, 65791, 67689, 67708, 67759, 74951, 05131, ... and 38 more
2026-06-08 03:59:28,889 - __main__ - INFO - STEP 4: Scraping SimplyGo for changed bus stops...
2026-06-08 03:59:28,889 - root - INFO - Setting up WebDriver pool with 4 workers
2026-06-08 03:59:28,889 - root - INFO - Initializing WebDriver pool with 4 drivers
2026-06-08 03:59:28,889 - WDM - INFO - ====== WebDriver manager ======
2026-06-08 03:59:31,022 - WDM - INFO - Get LATEST chromedriver version for google-chrome
2026-06-08 03:59:31,106 - WDM - INFO - There is no [linux64] chromedriver "148.0.7778.178" for browser google-chrome "148.0.7778" in cache
2026-06-08 03:59:31,134 - WDM - INFO - There is no [linux64] chromedriver "148.0.7778.178" for browser google-chrome "148.0.7778" in cache
2026-06-08 03:59:31,134 - WDM - INFO - Get LATEST chromedriver version for google-chrome
2026-06-08 03:59:31,372 - WDM - INFO - WebDriver version 148.0.7778.178 selected
2026-06-08 03:59:31,377 - WDM - INFO - Modern chrome version https://storage.googleapis.com/chrome-for-testing-public/148.0.7778.178/linux64/chromedriver-linux64.zip
2026-06-08 03:59:31,377 - WDM - INFO - About to download new driver from https://storage.googleapis.com/chrome-for-testing-public/148.0.7778.178/linux64/chromedriver-linux64.zip
2026-06-08 03:59:31,444 - WDM - INFO - Driver downloading response is 200
2026-06-08 03:59:31,711 - WDM - INFO - Driver has been saved in cache [/home/runner/.wdm/drivers/chromedriver/linux64/148.0.7778.178]
2026-06-08 03:59:37,926 - WDM - INFO - ====== WebDriver manager ======
2026-06-08 03:59:37,954 - WDM - INFO - Driver [/home/runner/.wdm/drivers/chromedriver/linux64/148.0.7778.178/chromedriver-linux64/chromedriver] found in cache by browser version
2026-06-08 03:59:38,136 - WDM - INFO - ====== WebDriver manager ======
2026-06-08 03:59:38,165 - WDM - INFO - Driver [/home/runner/.wdm/drivers/chromedriver/linux64/148.0.7778.178/chromedriver-linux64/chromedriver] found in cache by browser version
2026-06-08 03:59:38,363 - WDM - INFO - ====== WebDriver manager ======
2026-06-08 03:59:38,394 - WDM - INFO - Driver [/home/runner/.wdm/drivers/chromedriver/linux64/148.0.7778.178/chromedriver-linux64/chromedriver] found in cache by browser version
2026-06-08 03:59:38,586 - root - INFO - WebDriver pool initialized successfully
2026-06-08 04:00:20,067 - root - INFO - Checkpoint saved at 20/48 (41.7%)
2026-06-08 04:00:56,439 - root - INFO - Checkpoint saved at 40/48 (83.3%)
2026-06-08 04:01:10,440 - root - INFO - Closing all WebDrivers in pool
2026-06-08 04:01:10,721 - root - INFO - Scraping completed in 101.83 seconds
2026-06-08 04:01:10,721 - root - INFO - Success rate: 46/48 (95.8%)
2026-06-08 04:01:10,723 - root - INFO - Results saved to output/simplygo_bus_stops_20260608_035928.csv
2026-06-08 04:01:10,723 - __main__ - INFO - SimplyGo scraping completed: 48 results
2026-06-08 04:01:10,723 - __main__ - INFO - STEP 5: Applying corrections to original LTA data...
2026-06-08 04:01:10,727 - __main__ - INFO - Valid SimplyGo corrections available: 46
2026-06-08 04:01:10,767 - __main__ - INFO - Applied 46 corrections from SimplyGo to original LTA data
2026-06-08 04:01:10,783 - __main__ - INFO - Saved corrected dataset to data/lta_correction_20260608_035904.csv
2026-06-08 04:01:10,799 - __main__ - INFO - Saved consistent copy to data/lta_correction.csv
2026-06-08 04:01:10,799 - __main__ - INFO - ENHANCED WORKFLOW COMPLETED
2026-06-08 04:01:10,799 - __main__ - INFO - Enhanced comprehensive workflow completed in 126.63 seconds
2026-06-08 04:01:10,799 - __main__ - INFO - ==========================================================================================
2026-06-08 04:01:10,799 - __main__ - INFO - FIXED WORKFLOW COMPLETED SUCCESSFULLY!
2026-06-08 04:01:10,799 - __main__ - INFO - ==========================================================================================
2026-06-08 04:01:10,799 - __main__ - INFO - FINAL STATISTICS:
2026-06-08 04:01:10,800 - __main__ - INFO -    Total bus stops: 5,201
2026-06-08 04:01:10,800 - __main__ - INFO -    SimplyGo corrections applied: 46
2026-06-08 04:01:10,800 - __main__ - INFO -    Correction rate: 0.9%
2026-06-08 04:01:10,800 - __main__ - INFO - CHANGE BREAKDOWN:
2026-06-08 04:01:10,800 - __main__ - INFO -    New bus stops: 9
2026-06-08 04:01:10,801 - __main__ - INFO -    Name changes: 39
2026-06-08 04:01:10,801 - __main__ - INFO -    Removed stops: 2
2026-06-08 04:01:10,801 - __main__ - INFO -    Total changes: 50
2026-06-08 04:01:10,801 - __main__ - INFO - EFFICIENCY METRICS:
2026-06-08 04:01:10,801 - __main__ - INFO -    Scraping success rate: 95.8%
2026-06-08 04:01:10,801 - __main__ - INFO -    Processing efficiency: Only processed 50 changes instead of all 5,201 bus stops
2026-06-08 04:01:10,802 - __main__ - INFO - SAMPLE CORRECTIONS:
2026-06-08 04:01:10,802 - __main__ - INFO -    05131: 'Opp Chinatown Stn' -> 'Opp Chinatown Stn'
2026-06-08 04:01:10,802 - __main__ - INFO -    05651: 'Aft Keppel Rd' -> 'Aft Keppel Rd'
2026-06-08 04:01:10,802 - __main__ - INFO -    07111: 'Aft Blk 672B' -> 'Aft Blk 672B'
2026-06-08 04:01:10,802 - __main__ - INFO - ==========================================================================================
2026-06-08 04:01:10,802 - __main__ - INFO - All data saved and ready for use!
2026-06-08 04:01:10,802 - __main__ - INFO - Main output: data/lta_correction.csv
2026-06-08 04:01:10,802 - __main__ - INFO - ==========================================================================================
2026-06-08 04:01:10,803 - __main__ - INFO - Script execution finished
