2026-06-22 04:11:41,261 - __main__ - INFO - Python version: 3.10.20 (main, Mar  3 2026, 15:36:40) [GCC 13.3.0]
2026-06-22 04:11:41,261 - __main__ - INFO - Starting FIXED comprehensive workflow with 4 workers
2026-06-22 04:11:41,261 - __main__ - INFO - This version uses ORIGINAL LTA data with proper code normalization
2026-06-22 04:11:41,261 - __main__ - INFO - STARTING ENHANCED BUS STOP DATA COLLECTION WORKFLOW
2026-06-22 04:11:41,261 - __main__ - INFO - ================================================================================
2026-06-22 04:11:41,262 - __main__ - INFO - STEP 1: Downloading original LTA DataMall data...
2026-06-22 04:11:41,262 - __main__ - INFO - Starting download from LTA DataMall...
2026-06-22 04:11:42,328 - __main__ - INFO - API request (skip=0) completed in 1.06 seconds
2026-06-22 04:11:42,329 - __main__ - INFO - Retrieved 500 records (total: 500)
2026-06-22 04:11:44,469 - __main__ - INFO - API request (skip=500) completed in 0.99 seconds
2026-06-22 04:11:44,470 - __main__ - INFO - Retrieved 500 records (total: 1000)
2026-06-22 04:11:46,600 - __main__ - INFO - API request (skip=1000) completed in 0.97 seconds
2026-06-22 04:11:46,601 - __main__ - INFO - Retrieved 500 records (total: 1500)
2026-06-22 04:11:48,739 - __main__ - INFO - API request (skip=1500) completed in 0.98 seconds
2026-06-22 04:11:48,740 - __main__ - INFO - Retrieved 500 records (total: 2000)
2026-06-22 04:11:50,856 - __main__ - INFO - API request (skip=2000) completed in 0.95 seconds
2026-06-22 04:11:50,857 - __main__ - INFO - Retrieved 500 records (total: 2500)
2026-06-22 04:11:53,023 - __main__ - INFO - API request (skip=2500) completed in 0.98 seconds
2026-06-22 04:11:53,024 - __main__ - INFO - Retrieved 500 records (total: 3000)
2026-06-22 04:11:55,163 - __main__ - INFO - API request (skip=3000) completed in 0.95 seconds
2026-06-22 04:11:55,164 - __main__ - INFO - Retrieved 500 records (total: 3500)
2026-06-22 04:11:57,351 - __main__ - INFO - API request (skip=3500) completed in 0.99 seconds
2026-06-22 04:11:57,352 - __main__ - INFO - Retrieved 500 records (total: 4000)
2026-06-22 04:11:59,496 - __main__ - INFO - API request (skip=4000) completed in 0.94 seconds
2026-06-22 04:11:59,497 - __main__ - INFO - Retrieved 500 records (total: 4500)
2026-06-22 04:12:01,725 - __main__ - INFO - API request (skip=4500) completed in 1.01 seconds
2026-06-22 04:12:01,726 - __main__ - INFO - Retrieved 500 records (total: 5000)
2026-06-22 04:12:03,707 - __main__ - INFO - API request (skip=5000) completed in 0.76 seconds
2026-06-22 04:12:03,708 - __main__ - INFO - Retrieved 205 records (total: 5205)
2026-06-22 04:12:05,563 - __main__ - INFO - API request (skip=5500) completed in 0.76 seconds
2026-06-22 04:12:05,564 - __main__ - INFO - No more records to fetch from API
2026-06-22 04:12:05,578 - __main__ - INFO - Saved 5205 ORIGINAL records to data/LTA_bus_stops_22062026.csv
2026-06-22 04:12:05,578 - __main__ - INFO - LTA DataMall download completed in 24.32 seconds
2026-06-22 04:12:05,579 - __main__ - INFO - Downloaded 5,205 bus stops from LTA DataMall
2026-06-22 04:12:05,579 - __main__ - INFO - STEP 2: Performing comprehensive data comparison...
2026-06-22 04:12:05,579 - __main__ - INFO - Found previous LTA DataMall file: data/LTA_bus_stops_31122025.csv
2026-06-22 04:12:05,580 - __main__ - INFO - Performing FIXED comprehensive comparison with previous data from data/LTA_bus_stops_31122025.csv
2026-06-22 04:12:05,586 - __main__ - INFO - === DEBUGGING CODE FORMATS ===
2026-06-22 04:12:05,586 - __main__ - INFO - Old file sample codes (raw): [1012, 1013, 1019, 1029, 1039]
2026-06-22 04:12:05,586 - __main__ - INFO - New data sample codes (raw): ['01012', '01013', '01019', '01029', '01039']
2026-06-22 04:12:05,597 - __main__ - INFO - Old file sample codes (normalized): ['01012', '01013', '01019', '01029', '01039']
2026-06-22 04:12:05,597 - __main__ - INFO - New data sample codes (normalized): ['01012', '01013', '01019', '01029', '01039']
2026-06-22 04:12:05,604 - __main__ - INFO - ==========================================================================================
2026-06-22 04:12:05,604 - __main__ - INFO - COMPREHENSIVE BUS STOP COMPARISON REPORT (FIXED)
2026-06-22 04:12:05,604 - __main__ - INFO - ==========================================================================================
2026-06-22 04:12:05,605 - __main__ - INFO - Previous dataset (31122025): 5,194 bus stops
2026-06-22 04:12:05,605 - __main__ - INFO - Current dataset  (22062026): 5,205 bus stops
2026-06-22 04:12:05,605 - __main__ - INFO - Net change in quantity: +11
2026-06-22 04:12:05,605 - __main__ - INFO - ------------------------------------------------------------------------------------------
2026-06-22 04:12:05,605 - __main__ - INFO - CODE CHANGES (after normalization):
2026-06-22 04:12:05,605 - __main__ - INFO -    NEW bus stop codes:     13
2026-06-22 04:12:05,605 - __main__ - INFO -    REMOVED bus stop codes: 2
2026-06-22 04:12:05,605 - __main__ - INFO -    UNCHANGED codes:        5,192
2026-06-22 04:12:05,605 - __main__ - INFO - NAME CHANGES (for same codes):
2026-06-22 04:12:05,605 - __main__ - INFO -    Bus stops with name changes: 39
2026-06-22 04:12:05,605 - __main__ - INFO -    Bus stops with same names:   5,153
2026-06-22 04:12:05,605 - __main__ - INFO - ------------------------------------------------------------------------------------------
2026-06-22 04:12:05,605 - __main__ - INFO - TOTAL CHANGES DETECTED: 54
2026-06-22 04:12:05,605 - __main__ - INFO -    = 13 new + 2 removed + 39 name changes
2026-06-22 04:12:05,605 - __main__ - INFO - ------------------------------------------------------------------------------------------
2026-06-22 04:12:05,607 - __main__ - INFO - Sample new codes: 65791(65791), 67708(67708), 40461(40461)
2026-06-22 04:12:05,607 - __main__ - INFO -    ... and 10 more new codes
2026-06-22 04:12:05,608 - __main__ - INFO - Sample removed codes: 58309(58309), 58301(58301)
2026-06-22 04:12:05,608 - __main__ - INFO - Sample name changes:
2026-06-22 04:12:05,610 - __main__ - INFO -      84661: 'Blk 172' -> 'Blk 168'
2026-06-22 04:12:05,610 - __main__ - INFO -      77321: 'Pasir Ris Int/Mall' -> 'Pasir Ris Int/Polyclinic'
2026-06-22 04:12:05,610 - __main__ - INFO -      99011: 'Bef Sch of Commando' -> 'Bef Hendon Camp'
2026-06-22 04:12:05,610 - __main__ - INFO -    ... and 36 more name changes
2026-06-22 04:12:05,610 - __main__ - INFO - ==========================================================================================
2026-06-22 04:12:05,610 - __main__ - INFO - 54 CHANGES DETECTED - Will proceed with SimplyGo scraping
2026-06-22 04:12:05,610 - __main__ - INFO -    Will scrape SimplyGo for all changed bus stops to get corrected names
2026-06-22 04:12:05,610 - __main__ - INFO - ==========================================================================================
2026-06-22 04:12:05,612 - __main__ - INFO - Added 13 new bus stops to processing list
2026-06-22 04:12:05,613 - __main__ - INFO - Added 2 removed bus stops to processing list (for reference)
2026-06-22 04:12:05,616 - __main__ - INFO - Added 39 name-changed bus stops to processing list
2026-06-22 04:12:05,619 - __main__ - INFO - Total changes to process: 54
2026-06-22 04:12:05,619 - __main__ - INFO -    - Will scrape SimplyGo for: 52 bus stops
2026-06-22 04:12:05,619 - __main__ - INFO -    - Removed bus stops (reference only): 2
2026-06-22 04:12:05,620 - __main__ - INFO - Saved 54 changes to data/LTA_changes_31122025-22062026.csv
2026-06-22 04:12:05,620 - __main__ - INFO - Comprehensive LTA data comparison (FIXED) completed in 0.04 seconds
2026-06-22 04:12:05,621 - __main__ - INFO - STEP 3: Determining bus stops for SimplyGo scraping...
2026-06-22 04:12:05,621 - __main__ - INFO - Bus stops to scrape from SimplyGo: 52
2026-06-22 04:12:05,622 - __main__ - INFO -    Breakdown:
2026-06-22 04:12:05,622 - __main__ - INFO -       NEW bus stops: 13
2026-06-22 04:12:05,622 - __main__ - INFO -       NAME changed: 39
2026-06-22 04:12:05,622 - __main__ - INFO -       REMOVED (skip): 2
2026-06-22 04:12:05,622 - __main__ - INFO - ======================================================================
2026-06-22 04:12:05,622 - __main__ - INFO - CHANGES DETECTED: 54 total changes
2026-06-22 04:12:05,622 - __main__ - INFO - WILL SCRAPE: 52 bus stops from SimplyGo
2026-06-22 04:12:05,622 - __main__ - INFO - ======================================================================
2026-06-22 04:12:05,623 - __main__ - INFO - Sample codes to scrape: 27601, 27609, 27611, 27619, 40461, 40469, 40471, 40479, 65791, 67689, ... and 42 more
2026-06-22 04:12:05,623 - __main__ - INFO - STEP 4: Scraping SimplyGo for changed bus stops...
2026-06-22 04:12:05,623 - root - INFO - Setting up WebDriver pool with 4 workers
2026-06-22 04:12:05,623 - root - INFO - Initializing WebDriver pool with 4 drivers
2026-06-22 04:12:05,623 - WDM - INFO - ====== WebDriver manager ======
2026-06-22 04:12:07,745 - WDM - INFO - Get LATEST chromedriver version for google-chrome
2026-06-22 04:12:07,858 - WDM - INFO - There is no [linux64] chromedriver "149.0.7827.155" for browser google-chrome "149.0.7827" in cache
2026-06-22 04:12:07,894 - WDM - INFO - There is no [linux64] chromedriver "149.0.7827.155" for browser google-chrome "149.0.7827" in cache
2026-06-22 04:12:07,894 - WDM - INFO - Get LATEST chromedriver version for google-chrome
2026-06-22 04:12:08,153 - WDM - INFO - WebDriver version 149.0.7827.155 selected
2026-06-22 04:12:08,161 - WDM - INFO - Modern chrome version https://storage.googleapis.com/chrome-for-testing-public/149.0.7827.155/linux64/chromedriver-linux64.zip
2026-06-22 04:12:08,162 - WDM - INFO - About to download new driver from https://storage.googleapis.com/chrome-for-testing-public/149.0.7827.155/linux64/chromedriver-linux64.zip
2026-06-22 04:12:08,244 - WDM - INFO - Driver downloading response is 200
2026-06-22 04:12:08,526 - WDM - INFO - Driver has been saved in cache [/home/runner/.wdm/drivers/chromedriver/linux64/149.0.7827.155]
2026-06-22 04:12:15,237 - WDM - INFO - ====== WebDriver manager ======
2026-06-22 04:12:15,274 - WDM - INFO - Driver [/home/runner/.wdm/drivers/chromedriver/linux64/149.0.7827.155/chromedriver-linux64/chromedriver] found in cache by browser version
2026-06-22 04:12:15,497 - WDM - INFO - ====== WebDriver manager ======
2026-06-22 04:12:15,537 - WDM - INFO - Driver [/home/runner/.wdm/drivers/chromedriver/linux64/149.0.7827.155/chromedriver-linux64/chromedriver] found in cache by browser version
2026-06-22 04:12:15,767 - WDM - INFO - ====== WebDriver manager ======
2026-06-22 04:12:15,806 - WDM - INFO - Driver [/home/runner/.wdm/drivers/chromedriver/linux64/149.0.7827.155/chromedriver-linux64/chromedriver] found in cache by browser version
2026-06-22 04:12:16,028 - root - INFO - WebDriver pool initialized successfully
2026-06-22 04:12:58,262 - root - INFO - Checkpoint saved at 20/52 (38.5%)
2026-06-22 04:13:31,612 - root - INFO - Checkpoint saved at 40/52 (76.9%)
2026-06-22 04:13:52,875 - root - INFO - Closing all WebDrivers in pool
2026-06-22 04:13:53,213 - root - INFO - Scraping completed in 107.59 seconds
2026-06-22 04:13:53,213 - root - INFO - Success rate: 46/52 (88.5%)
2026-06-22 04:13:53,215 - root - INFO - Results saved to output/simplygo_bus_stops_20260622_041205.csv
2026-06-22 04:13:53,216 - __main__ - INFO - SimplyGo scraping completed: 52 results
2026-06-22 04:13:53,216 - __main__ - INFO - STEP 5: Applying corrections to original LTA data...
2026-06-22 04:13:53,220 - __main__ - INFO - Valid SimplyGo corrections available: 46
2026-06-22 04:13:53,258 - __main__ - INFO - Applied 46 corrections from SimplyGo to original LTA data
2026-06-22 04:13:53,274 - __main__ - INFO - Saved corrected dataset to data/lta_correction_20260622_041141.csv
2026-06-22 04:13:53,290 - __main__ - INFO - Saved consistent copy to data/lta_correction.csv
2026-06-22 04:13:53,290 - __main__ - INFO - ENHANCED WORKFLOW COMPLETED
2026-06-22 04:13:53,290 - __main__ - INFO - Enhanced comprehensive workflow completed in 132.03 seconds
2026-06-22 04:13:53,290 - __main__ - INFO - ==========================================================================================
2026-06-22 04:13:53,290 - __main__ - INFO - FIXED WORKFLOW COMPLETED SUCCESSFULLY!
2026-06-22 04:13:53,290 - __main__ - INFO - ==========================================================================================
2026-06-22 04:13:53,291 - __main__ - INFO - FINAL STATISTICS:
2026-06-22 04:13:53,291 - __main__ - INFO -    Total bus stops: 5,205
2026-06-22 04:13:53,291 - __main__ - INFO -    SimplyGo corrections applied: 46
2026-06-22 04:13:53,291 - __main__ - INFO -    Correction rate: 0.9%
2026-06-22 04:13:53,292 - __main__ - INFO - CHANGE BREAKDOWN:
2026-06-22 04:13:53,292 - __main__ - INFO -    New bus stops: 13
2026-06-22 04:13:53,292 - __main__ - INFO -    Name changes: 39
2026-06-22 04:13:53,292 - __main__ - INFO -    Removed stops: 2
2026-06-22 04:13:53,292 - __main__ - INFO -    Total changes: 54
2026-06-22 04:13:53,292 - __main__ - INFO - EFFICIENCY METRICS:
2026-06-22 04:13:53,292 - __main__ - INFO -    Scraping success rate: 88.5%
2026-06-22 04:13:53,292 - __main__ - INFO -    Processing efficiency: Only processed 54 changes instead of all 5,205 bus stops
2026-06-22 04:13:53,293 - __main__ - INFO - SAMPLE CORRECTIONS:
2026-06-22 04:13:53,293 - __main__ - INFO -    05131: 'Opp Chinatown Stn' -> 'Opp Chinatown Stn'
2026-06-22 04:13:53,293 - __main__ - INFO -    05651: 'Aft Keppel Rd' -> 'Aft Keppel Rd'
2026-06-22 04:13:53,293 - __main__ - INFO -    07111: 'Aft Blk 672B' -> 'Aft Blk 672B'
2026-06-22 04:13:53,293 - __main__ - INFO - ==========================================================================================
2026-06-22 04:13:53,293 - __main__ - INFO - All data saved and ready for use!
2026-06-22 04:13:53,293 - __main__ - INFO - Main output: data/lta_correction.csv
2026-06-22 04:13:53,293 - __main__ - INFO - ==========================================================================================
2026-06-22 04:13:53,294 - __main__ - INFO - Script execution finished
